[0411/230951.535:INFO:CONSOLE:6] "Uncaught ReferenceError: sj_evt is not defined", source: https://www.bing.com/ (6)
[0411/230951.541:INFO:CONSOLE:1] "Uncaught ReferenceError: sj_be is not defined", source: https://r.bing.com/rp/bhhdQJeg8xXgunZIeh8xsZViHi0.br.js (1)
[0411/230951.541:INFO:CONSOLE:2] "Uncaught ReferenceError: _w is not defined", source: https://r.bing.com/rp/70rhlhm1764HLXYuwL6dxslNwPk.br.js (2)
[0411/230951.542:INFO:CONSOLE:10] "Uncaught ReferenceError: _G is not defined", source: https://www.bing.com/ (10)
[0411/230951.727:INFO:CONSOLE:72] "An iframe which has both allow-scripts and allow-same-origin for its sandbox attribute can escape its sandboxing.", source: https://r.bing.com/rp/9uYIRoQB-ThMq970XKGeKvrMhL0.br.js (72)
[0411/230951.835:INFO:CONSOLE:1] "true", source: https://login.live.com/Me.htm?v=3 (1)
[0411/230952.372:INFO:CONSOLE:0] "An iframe which has both allow-scripts and allow-same-origin for its sandbox attribute can escape its sandboxing.", source: https://www.bing.com/#code=M.C533_BL2.2.U.Drk3XTJdN5c*eNrS8xt8jiW7t4fzWdeoVSk3ntOCOk1Nq!6jgDIAqmj!cjnlDUjewUgguc4Sk!u1dROWm8FJ9GuYycK4vNfosFvoQxaYXftwKuDREE0a!uInowIcTvPSfVNAlvcpFOXNOWl40LV98VPEck1Z5fHpks1VfBRksy!SmZalp4eM4bgRetZJI6pMd2MNujYSjJTDZ2LvEhcEQmh6UuoQNTqujvhqvK64wTQpZE!NPC!SJlf27JgpZATdLsEXPe83hzRoxH*jbZCgIoEDtBTg2umObR8a3v6a6x0C2pziWV1*E6oMgTD97XYTc4Q3XZ1Am*bsrajkbGmWdvGZGAw1Esd3sa75Scj9FbnmT2ed47biblHNoFqrUM8!nTPeMa5gRxtdqKrtvAYPjBDY8z9I7jYVw5jIf6lv1p4VDVoHGqbpwPoWAeb*l4OwSgB2LKuN64PlVM*0WPwB7N0k7vvdfcACK36CRTvZtfYqFzhDK7fhFMOtF8Qz*rT4Z8ExiZ4matVD53FQiZQLCEcCqLg50tGMS7YBqMd!n6sO8u7b5dNRhOLVdHWRqeInbKFM6PdnN8qzGpVoKJ1DktZfuPbubnLgYwtSUm2FwGGhm*LR*vaUg4pRsZGEXP8bBWQQWf9kjmOOm2qSAg*11pryVeCP1zCsC0GsNqojfUb6nQ8v*UapG3*iSyp5reUwGg%24%24&client_info=eyJ2ZXIiOiIxLjAiLCJzdWIiOiJBQUFBQUFBQUFBQUFBQUFBQUFBQUFOa3c3b3A1YXk3R1dITUc5NW9VWnpJIiwibmFtZSI6IkFiaGlzaGVrIE1hbmRoYXJlIiwicHJlZmVycmVkX3VzZXJuYW1lIjoiYWJoaXNoZWtfbWFuZGhhcmVAeWFob28uY29tIiwib2lkIjoiMDAwMDAwMDAtMDAwMC0wMDAwLWI2NjUtNGI1ZTcyMzU5Mjk3IiwidGlkIjoiOTE4ODA0MGQtNmM2Ny00YzViLWIxMTItMzZhMzA0YjY2ZGFkIiwiaG9tZV9vaWQiOiIwMDAwMDAwMC0wMDAwLTAwMDAtYjY2NS00YjVlNzIzNTkyOTciLCJ1aWQiOiIwMDAwMDAwMC0wMDAwLTAwMDAtYjY2NS00YjVlNzIzNTkyOTciLCJ1dGlkIjoiOTE4ODA0MGQtNmM2Ny00YzViLWIxMTItMzZhMzA0YjY2ZGFkIn0&state=eyJpZCI6ImI1YzBjZTNkLWZkNmUtNDNjMC1iNjQ2LWZjMTU1MmEyYmRhNCIsIm1ldGEiOnsiaW50ZXJhY3Rpb25UeXBlIjoic2lsZW50In19 (0)
[0411/230953.434:INFO:CONSOLE:94] "Permissions policy violation: unload is not allowed in this document.", source: https://assets.msn.com/bundles/v1/bingHomepage/latest/microsoft.edd09c236eeae714cc11.js (94)
[0411/230953.434:INFO:CONSOLE:94] "Permissions policy violation: unload is not allowed in this document.", source: https://assets.msn.com/bundles/v1/bingHomepage/latest/microsoft.edd09c236eeae714cc11.js (94)
[0411/230953.846:INFO:CONSOLE:9] "Rendering was performed in a subtree hidden by content-visibility.", source: https://www.bing.com/search?q=australian%20housing%20market%202026 (9)
[0411/230953.847:INFO:CONSOLE:9] "Rendering was performed in a subtree hidden by content-visibility.", source: https://www.bing.com/search?q=australian%20housing%20market%202026 (9)
[0411/230953.847:INFO:CONSOLE:9] "Rendering was performed in a subtree hidden by content-visibility.", source: https://www.bing.com/search?q=australian%20housing%20market%202026 (9)
[0411/230953.847:INFO:CONSOLE:9] "Rendering was performed in a subtree hidden by content-visibility.", source: https://www.bing.com/search?q=australian%20housing%20market%202026 (9)
[0411/230953.848:INFO:CONSOLE:9] "Rendering was performed in a subtree hidden by content-visibility.", source: https://www.bing.com/search?q=australian%20housing%20market%202026 (9)
[0411/230953.848:INFO:CONSOLE:9] "Rendering was performed in a subtree hidden by content-visibility.", source: https://www.bing.com/search?q=australian%20housing%20market%202026 (9)
[0411/230953.848:INFO:CONSOLE:9] "Rendering was performed in a subtree hidden by content-visibility.", source: https://www.bing.com/search?q=australian%20housing%20market%202026 (9)
[0411/230953.848:INFO:CONSOLE:9] "Rendering was performed in a subtree hidden by content-visibility.", source: https://www.bing.com/search?q=australian%20housing%20market%202026 (9)
[0411/230953.848:INFO:CONSOLE:9] "Rendering was performed in a subtree hidden by content-visibility.", source: https://www.bing.com/search?q=australian%20housing%20market%202026 (9)
[0411/230953.848:INFO:CONSOLE:9] "Rendering was performed in a subtree hidden by content-visibility.", source: https://www.bing.com/search?q=australian%20housing%20market%202026 (9)
[0411/230953.848:INFO:CONSOLE:9] "Rendering was performed in a subtree hidden by content-visibility.", source: https://www.bing.com/search?q=australian%20housing%20market%202026 (9)
[0411/230953.848:INFO:CONSOLE:9] "Rendering was performed in a subtree hidden by content-visibility.", source: https://www.bing.com/search?q=australian%20housing%20market%202026 (9)
[0411/231002.813:INFO:CONSOLE:9] "Rendering was performed in a subtree hidden by content-visibility.", source: https://www.bing.com/search?q=easy%20home%20workout%20routines (9)
[0411/231002.813:INFO:CONSOLE:9] "Rendering was performed in a subtree hidden by content-visibility.", source: https://www.bing.com/search?q=easy%20home%20workout%20routines (9)
[0411/231002.813:INFO:CONSOLE:9] "Rendering was performed in a subtree hidden by content-visibility.", source: https://www.bing.com/search?q=easy%20home%20workout%20routines (9)
[0411/231002.813:INFO:CONSOLE:9] "Rendering was performed in a subtree hidden by content-visibility.", source: https://www.bing.com/search?q=easy%20home%20workout%20routines (9)
[0411/231002.813:INFO:CONSOLE:9] "Rendering was performed in a subtree hidden by content-visibility.", source: https://www.bing.com/search?q=easy%20home%20workout%20routines (9)
[0411/231002.813:INFO:CONSOLE:9] "Rendering was performed in a subtree hidden by content-visibility.", source: https://www.bing.com/search?q=easy%20home%20workout%20routines (9)
[0411/231002.813:INFO:CONSOLE:9] "Rendering was performed in a subtree hidden by content-visibility.", source: https://www.bing.com/search?q=easy%20home%20workout%20routines (9)
[0411/231002.813:INFO:CONSOLE:9] "Rendering was performed in a subtree hidden by content-visibility.", source: https://www.bing.com/search?q=easy%20home%20workout%20routines (9)
[0411/231002.813:INFO:CONSOLE:9] "Rendering was performed in a subtree hidden by content-visibility.", source: https://www.bing.com/search?q=easy%20home%20workout%20routines (9)
[0411/231002.814:INFO:CONSOLE:9] "Rendering was performed in a subtree hidden by content-visibility.", source: https://www.bing.com/search?q=easy%20home%20workout%20routines (9)
[0411/231002.814:INFO:CONSOLE:9] "Rendering was performed in a subtree hidden by content-visibility.", source: https://www.bing.com/search?q=easy%20home%20workout%20routines (9)
[0411/231002.814:INFO:CONSOLE:9] "Rendering was performed in a subtree hidden by content-visibility.", source: https://www.bing.com/search?q=easy%20home%20workout%20routines (9)
[0411/231010.611:INFO:CONSOLE:9] "Rendering was performed in a subtree hidden by content-visibility.", source: https://www.bing.com/search?q=best%20bluetooth%20speakers (9)
[0411/231010.611:INFO:CONSOLE:9] "Rendering was performed in a subtree hidden by content-visibility.", source: https://www.bing.com/search?q=best%20bluetooth%20speakers (9)
[0411/231010.611:INFO:CONSOLE:9] "Rendering was performed in a subtree hidden by content-visibility.", source: https://www.bing.com/search?q=best%20bluetooth%20speakers (9)
[0411/231010.611:INFO:CONSOLE:9] "Rendering was performed in a subtree hidden by content-visibility.", source: https://www.bing.com/search?q=best%20bluetooth%20speakers (9)
[0411/231010.611:INFO:CONSOLE:9] "Rendering was performed in a subtree hidden by content-visibility.", source: https://www.bing.com/search?q=best%20bluetooth%20speakers (9)
[0411/231010.611:INFO:CONSOLE:9] "Rendering was performed in a subtree hidden by content-visibility.", source: https://www.bing.com/search?q=best%20bluetooth%20speakers (9)
[0411/231010.611:INFO:CONSOLE:9] "Rendering was performed in a subtree hidden by content-visibility.", source: https://www.bing.com/search?q=best%20bluetooth%20speakers (9)
[0411/231010.612:INFO:CONSOLE:9] "Rendering was performed in a subtree hidden by content-visibility.", source: https://www.bing.com/search?q=best%20bluetooth%20speakers (9)
[0411/231010.612:INFO:CONSOLE:9] "Rendering was performed in a subtree hidden by content-visibility.", source: https://www.bing.com/search?q=best%20bluetooth%20speakers (9)
[0411/231010.612:INFO:CONSOLE:9] "Rendering was performed in a subtree hidden by content-visibility.", source: https://www.bing.com/search?q=best%20bluetooth%20speakers (9)
[0411/231010.612:INFO:CONSOLE:9] "Rendering was performed in a subtree hidden by content-visibility.", source: https://www.bing.com/search?q=best%20bluetooth%20speakers (9)
[0411/231010.612:INFO:CONSOLE:9] "Rendering was performed in a subtree hidden by content-visibility.", source: https://www.bing.com/search?q=best%20bluetooth%20speakers (9)
[0411/231020.629:INFO:CONSOLE:9] "Rendering was performed in a subtree hidden by content-visibility.", source: https://www.bing.com/search?q=how%20to%20save%20money%20on%20groceries (9)
[0411/231020.629:INFO:CONSOLE:9] "Rendering was performed in a subtree hidden by content-visibility.", source: https://www.bing.com/search?q=how%20to%20save%20money%20on%20groceries (9)
[0411/231020.629:INFO:CONSOLE:9] "Rendering was performed in a subtree hidden by content-visibility.", source: https://www.bing.com/search?q=how%20to%20save%20money%20on%20groceries (9)
[0411/231020.629:INFO:CONSOLE:9] "Rendering was performed in a subtree hidden by content-visibility.", source: https://www.bing.com/search?q=how%20to%20save%20money%20on%20groceries (9)
[0411/231020.629:INFO:CONSOLE:9] "Rendering was performed in a subtree hidden by content-visibility.", source: https://www.bing.com/search?q=how%20to%20save%20money%20on%20groceries (9)
[0411/231020.629:INFO:CONSOLE:9] "Rendering was performed in a subtree hidden by content-visibility.", source: https://www.bing.com/search?q=how%20to%20save%20money%20on%20groceries (9)
[0411/231020.629:INFO:CONSOLE:9] "Rendering was performed in a subtree hidden by content-visibility.", source: https://www.bing.com/search?q=how%20to%20save%20money%20on%20groceries (9)
[0411/231020.629:INFO:CONSOLE:9] "Rendering was performed in a subtree hidden by content-visibility.", source: https://www.bing.com/search?q=how%20to%20save%20money%20on%20groceries (9)
[0411/231020.629:INFO:CONSOLE:9] "Rendering was performed in a subtree hidden by content-visibility.", source: https://www.bing.com/search?q=how%20to%20save%20money%20on%20groceries (9)
[0411/231020.629:INFO:CONSOLE:9] "Rendering was performed in a subtree hidden by content-visibility.", source: https://www.bing.com/search?q=how%20to%20save%20money%20on%20groceries (9)
[0411/231020.629:INFO:CONSOLE:9] "Rendering was performed in a subtree hidden by content-visibility.", source: https://www.bing.com/search?q=how%20to%20save%20money%20on%20groceries (9)
[0411/231020.629:INFO:CONSOLE:9] "Rendering was performed in a subtree hidden by content-visibility.", source: https://www.bing.com/search?q=how%20to%20save%20money%20on%20groceries (9)
[0411/231028.528:INFO:CONSOLE:9] "Rendering was performed in a subtree hidden by content-visibility.", source: https://www.bing.com/search?q=latest%20tech%20news%20today (9)
[0411/231028.528:INFO:CONSOLE:9] "Rendering was performed in a subtree hidden by content-visibility.", source: https://www.bing.com/search?q=latest%20tech%20news%20today (9)
[0411/231028.528:INFO:CONSOLE:9] "Rendering was performed in a subtree hidden by content-visibility.", source: https://www.bing.com/search?q=latest%20tech%20news%20today (9)
[0411/231028.528:INFO:CONSOLE:9] "Rendering was performed in a subtree hidden by content-visibility.", source: https://www.bing.com/search?q=latest%20tech%20news%20today (9)
[0411/231028.528:INFO:CONSOLE:9] "Rendering was performed in a subtree hidden by content-visibility.", source: https://www.bing.com/search?q=latest%20tech%20news%20today (9)
[0411/231028.528:INFO:CONSOLE:9] "Rendering was performed in a subtree hidden by content-visibility.", source: https://www.bing.com/search?q=latest%20tech%20news%20today (9)
[0411/231028.528:INFO:CONSOLE:9] "Rendering was performed in a subtree hidden by content-visibility.", source: https://www.bing.com/search?q=latest%20tech%20news%20today (9)
[0411/231028.528:INFO:CONSOLE:9] "Rendering was performed in a subtree hidden by content-visibility.", source: https://www.bing.com/search?q=latest%20tech%20news%20today (9)
[0411/231028.528:INFO:CONSOLE:9] "Rendering was performed in a subtree hidden by content-visibility.", source: https://www.bing.com/search?q=latest%20tech%20news%20today (9)
[0411/231028.528:INFO:CONSOLE:9] "Rendering was performed in a subtree hidden by content-visibility.", source: https://www.bing.com/search?q=latest%20tech%20news%20today (9)
[0411/231028.528:INFO:CONSOLE:9] "Rendering was performed in a subtree hidden by content-visibility.", source: https://www.bing.com/search?q=latest%20tech%20news%20today (9)
[0411/231028.528:INFO:CONSOLE:9] "Rendering was performed in a subtree hidden by content-visibility.", source: https://www.bing.com/search?q=latest%20tech%20news%20today (9)
[0411/231041.077:INFO:CONSOLE:9] "Rendering was performed in a subtree hidden by content-visibility.", source: https://www.bing.com/search?q=best%20air%20fryer%20recipes (9)
[0411/231041.077:INFO:CONSOLE:9] "Rendering was performed in a subtree hidden by content-visibility.", source: https://www.bing.com/search?q=best%20air%20fryer%20recipes (9)
[0411/231041.077:INFO:CONSOLE:9] "Rendering was performed in a subtree hidden by content-visibility.", source: https://www.bing.com/search?q=best%20air%20fryer%20recipes (9)
[0411/231041.077:INFO:CONSOLE:9] "Rendering was performed in a subtree hidden by content-visibility.", source: https://www.bing.com/search?q=best%20air%20fryer%20recipes (9)
[0411/231041.077:INFO:CONSOLE:9] "Rendering was performed in a subtree hidden by content-visibility.", source: https://www.bing.com/search?q=best%20air%20fryer%20recipes (9)
[0411/231041.077:INFO:CONSOLE:9] "Rendering was performed in a subtree hidden by content-visibility.", source: https://www.bing.com/search?q=best%20air%20fryer%20recipes (9)
[0411/231041.077:INFO:CONSOLE:9] "Rendering was performed in a subtree hidden by content-visibility.", source: https://www.bing.com/search?q=best%20air%20fryer%20recipes (9)
[0411/231041.077:INFO:CONSOLE:9] "Rendering was performed in a subtree hidden by content-visibility.", source: https://www.bing.com/search?q=best%20air%20fryer%20recipes (9)
[0411/231041.078:INFO:CONSOLE:9] "Rendering was performed in a subtree hidden by content-visibility.", source: https://www.bing.com/search?q=best%20air%20fryer%20recipes (9)
[0411/231041.078:INFO:CONSOLE:9] "Rendering was performed in a subtree hidden by content-visibility.", source: https://www.bing.com/search?q=best%20air%20fryer%20recipes (9)
[0411/231041.078:INFO:CONSOLE:9] "Rendering was performed in a subtree hidden by content-visibility.", source: https://www.bing.com/search?q=best%20air%20fryer%20recipes (9)
[0411/231041.078:INFO:CONSOLE:9] "Rendering was performed in a subtree hidden by content-visibility.", source: https://www.bing.com/search?q=best%20air%20fryer%20recipes (9)
[0411/231052.076:INFO:CONSOLE:9] "Rendering was performed in a subtree hidden by content-visibility.", source: https://www.bing.com/search?q=how%20to%20make%20pasta%20from%20scratch (9)
[0411/231052.076:INFO:CONSOLE:9] "Rendering was performed in a subtree hidden by content-visibility.", source: https://www.bing.com/search?q=how%20to%20make%20pasta%20from%20scratch (9)
[0411/231052.076:INFO:CONSOLE:9] "Rendering was performed in a subtree hidden by content-visibility.", source: https://www.bing.com/search?q=how%20to%20make%20pasta%20from%20scratch (9)
[0411/231052.076:INFO:CONSOLE:9] "Rendering was performed in a subtree hidden by content-visibility.", source: https://www.bing.com/search?q=how%20to%20make%20pasta%20from%20scratch (9)
[0411/231052.076:INFO:CONSOLE:9] "Rendering was performed in a subtree hidden by content-visibility.", source: https://www.bing.com/search?q=how%20to%20make%20pasta%20from%20scratch (9)
[0411/231052.076:INFO:CONSOLE:9] "Rendering was performed in a subtree hidden by content-visibility.", source: https://www.bing.com/search?q=how%20to%20make%20pasta%20from%20scratch (9)
[0411/231052.077:INFO:CONSOLE:9] "Rendering was performed in a subtree hidden by content-visibility.", source: https://www.bing.com/search?q=how%20to%20make%20pasta%20from%20scratch (9)
[0411/231052.077:INFO:CONSOLE:9] "Rendering was performed in a subtree hidden by content-visibility.", source: https://www.bing.com/search?q=how%20to%20make%20pasta%20from%20scratch (9)
[0411/231052.077:INFO:CONSOLE:9] "Rendering was performed in a subtree hidden by content-visibility.", source: https://www.bing.com/search?q=how%20to%20make%20pasta%20from%20scratch (9)
[0411/231052.077:INFO:CONSOLE:9] "Rendering was performed in a subtree hidden by content-visibility.", source: https://www.bing.com/search?q=how%20to%20make%20pasta%20from%20scratch (9)
[0411/231052.077:INFO:CONSOLE:9] "Rendering was performed in a subtree hidden by content-visibility.", source: https://www.bing.com/search?q=how%20to%20make%20pasta%20from%20scratch (9)
[0411/231052.077:INFO:CONSOLE:9] "Rendering was performed in a subtree hidden by content-visibility.", source: https://www.bing.com/search?q=how%20to%20make%20pasta%20from%20scratch (9)
[0411/231103.642:INFO:CONSOLE:9] "Rendering was performed in a subtree hidden by content-visibility.", source: https://www.bing.com/search?q=how%20to%20train%20for%20a%20marathon (9)
[0411/231103.642:INFO:CONSOLE:9] "Rendering was performed in a subtree hidden by content-visibility.", source: https://www.bing.com/search?q=how%20to%20train%20for%20a%20marathon (9)
[0411/231103.642:INFO:CONSOLE:9] "Rendering was performed in a subtree hidden by content-visibility.", source: https://www.bing.com/search?q=how%20to%20train%20for%20a%20marathon (9)
[0411/231103.642:INFO:CONSOLE:9] "Rendering was performed in a subtree hidden by content-visibility.", source: https://www.bing.com/search?q=how%20to%20train%20for%20a%20marathon (9)
[0411/231103.642:INFO:CONSOLE:9] "Rendering was performed in a subtree hidden by content-visibility.", source: https://www.bing.com/search?q=how%20to%20train%20for%20a%20marathon (9)
[0411/231103.642:INFO:CONSOLE:9] "Rendering was performed in a subtree hidden by content-visibility.", source: https://www.bing.com/search?q=how%20to%20train%20for%20a%20marathon (9)
[0411/231103.642:INFO:CONSOLE:9] "Rendering was performed in a subtree hidden by content-visibility.", source: https://www.bing.com/search?q=how%20to%20train%20for%20a%20marathon (9)
[0411/231103.642:INFO:CONSOLE:9] "Rendering was performed in a subtree hidden by content-visibility.", source: https://www.bing.com/search?q=how%20to%20train%20for%20a%20marathon (9)
[0411/231103.642:INFO:CONSOLE:9] "Rendering was performed in a subtree hidden by content-visibility.", source: https://www.bing.com/search?q=how%20to%20train%20for%20a%20marathon (9)
[0411/231103.642:INFO:CONSOLE:9] "Rendering was performed in a subtree hidden by content-visibility.", source: https://www.bing.com/search?q=how%20to%20train%20for%20a%20marathon (9)
[0411/231103.642:INFO:CONSOLE:9] "Rendering was performed in a subtree hidden by content-visibility.", source: https://www.bing.com/search?q=how%20to%20train%20for%20a%20marathon (9)
[0411/231103.642:INFO:CONSOLE:9] "Rendering was performed in a subtree hidden by content-visibility.", source: https://www.bing.com/search?q=how%20to%20train%20for%20a%20marathon (9)
[0411/231115.442:INFO:CONSOLE:9] "Rendering was performed in a subtree hidden by content-visibility.", source: https://www.bing.com/search?q=how%20to%20sharpen%20kitchen%20knives (9)
[0411/231115.442:INFO:CONSOLE:9] "Rendering was performed in a subtree hidden by content-visibility.", source: https://www.bing.com/search?q=how%20to%20sharpen%20kitchen%20knives (9)
[0411/231115.442:INFO:CONSOLE:9] "Rendering was performed in a subtree hidden by content-visibility.", source: https://www.bing.com/search?q=how%20to%20sharpen%20kitchen%20knives (9)
[0411/231115.442:INFO:CONSOLE:9] "Rendering was performed in a subtree hidden by content-visibility.", source: https://www.bing.com/search?q=how%20to%20sharpen%20kitchen%20knives (9)
[0411/231115.442:INFO:CONSOLE:9] "Rendering was performed in a subtree hidden by content-visibility.", source: https://www.bing.com/search?q=how%20to%20sharpen%20kitchen%20knives (9)
[0411/231115.442:INFO:CONSOLE:9] "Rendering was performed in a subtree hidden by content-visibility.", source: https://www.bing.com/search?q=how%20to%20sharpen%20kitchen%20knives (9)
[0411/231115.442:INFO:CONSOLE:9] "Rendering was performed in a subtree hidden by content-visibility.", source: https://www.bing.com/search?q=how%20to%20sharpen%20kitchen%20knives (9)
[0411/231115.442:INFO:CONSOLE:9] "Rendering was performed in a subtree hidden by content-visibility.", source: https://www.bing.com/search?q=how%20to%20sharpen%20kitchen%20knives (9)
[0411/231115.442:INFO:CONSOLE:9] "Rendering was performed in a subtree hidden by content-visibility.", source: https://www.bing.com/search?q=how%20to%20sharpen%20kitchen%20knives (9)
[0411/231115.442:INFO:CONSOLE:9] "Rendering was performed in a subtree hidden by content-visibility.", source: https://www.bing.com/search?q=how%20to%20sharpen%20kitchen%20knives (9)
[0411/231115.442:INFO:CONSOLE:9] "Rendering was performed in a subtree hidden by content-visibility.", source: https://www.bing.com/search?q=how%20to%20sharpen%20kitchen%20knives (9)
[0411/231115.442:INFO:CONSOLE:9] "Rendering was performed in a subtree hidden by content-visibility.", source: https://www.bing.com/search?q=how%20to%20sharpen%20kitchen%20knives (9)
[0411/231125.808:INFO:CONSOLE:9] "Rendering was performed in a subtree hidden by content-visibility.", source: https://www.bing.com/search?q=best%20standing%20desks (9)
[0411/231125.808:INFO:CONSOLE:9] "Rendering was performed in a subtree hidden by content-visibility.", source: https://www.bing.com/search?q=best%20standing%20desks (9)
[0411/231125.808:INFO:CONSOLE:9] "Rendering was performed in a subtree hidden by content-visibility.", source: https://www.bing.com/search?q=best%20standing%20desks (9)
[0411/231125.808:INFO:CONSOLE:9] "Rendering was performed in a subtree hidden by content-visibility.", source: https://www.bing.com/search?q=best%20standing%20desks (9)
[0411/231125.808:INFO:CONSOLE:9] "Rendering was performed in a subtree hidden by content-visibility.", source: https://www.bing.com/search?q=best%20standing%20desks (9)
[0411/231125.808:INFO:CONSOLE:9] "Rendering was performed in a subtree hidden by content-visibility.", source: https://www.bing.com/search?q=best%20standing%20desks (9)
[0411/231125.808:INFO:CONSOLE:9] "Rendering was performed in a subtree hidden by content-visibility.", source: https://www.bing.com/search?q=best%20standing%20desks (9)
[0411/231125.808:INFO:CONSOLE:9] "Rendering was performed in a subtree hidden by content-visibility.", source: https://www.bing.com/search?q=best%20standing%20desks (9)
[0411/231125.809:INFO:CONSOLE:9] "Rendering was performed in a subtree hidden by content-visibility.", source: https://www.bing.com/search?q=best%20standing%20desks (9)
[0411/231125.809:INFO:CONSOLE:9] "Rendering was performed in a subtree hidden by content-visibility.", source: https://www.bing.com/search?q=best%20standing%20desks (9)
[0411/231125.809:INFO:CONSOLE:9] "Rendering was performed in a subtree hidden by content-visibility.", source: https://www.bing.com/search?q=best%20standing%20desks (9)
[0411/231125.809:INFO:CONSOLE:9] "Rendering was performed in a subtree hidden by content-visibility.", source: https://www.bing.com/search?q=best%20standing%20desks (9)
[0411/231132.742:INFO:CONSOLE:9] "Rendering was performed in a subtree hidden by content-visibility.", source: https://www.bing.com/search?q=how%20to%20remove%20stains%20from%20clothes (9)
[0411/231132.742:INFO:CONSOLE:9] "Rendering was performed in a subtree hidden by content-visibility.", source: https://www.bing.com/search?q=how%20to%20remove%20stains%20from%20clothes (9)
[0411/231132.742:INFO:CONSOLE:9] "Rendering was performed in a subtree hidden by content-visibility.", source: https://www.bing.com/search?q=how%20to%20remove%20stains%20from%20clothes (9)
[0411/231132.742:INFO:CONSOLE:9] "Rendering was performed in a subtree hidden by content-visibility.", source: https://www.bing.com/search?q=how%20to%20remove%20stains%20from%20clothes (9)
[0411/231132.742:INFO:CONSOLE:9] "Rendering was performed in a subtree hidden by content-visibility.", source: https://www.bing.com/search?q=how%20to%20remove%20stains%20from%20clothes (9)
[0411/231132.742:INFO:CONSOLE:9] "Rendering was performed in a subtree hidden by content-visibility.", source: https://www.bing.com/search?q=how%20to%20remove%20stains%20from%20clothes (9)
[0411/231132.743:INFO:CONSOLE:9] "Rendering was performed in a subtree hidden by content-visibility.", source: https://www.bing.com/search?q=how%20to%20remove%20stains%20from%20clothes (9)
[0411/231132.743:INFO:CONSOLE:9] "Rendering was performed in a subtree hidden by content-visibility.", source: https://www.bing.com/search?q=how%20to%20remove%20stains%20from%20clothes (9)
[0411/231132.743:INFO:CONSOLE:9] "Rendering was performed in a subtree hidden by content-visibility.", source: https://www.bing.com/search?q=how%20to%20remove%20stains%20from%20clothes (9)
[0411/231132.743:INFO:CONSOLE:9] "Rendering was performed in a subtree hidden by content-visibility.", source: https://www.bing.com/search?q=how%20to%20remove%20stains%20from%20clothes (9)
[0411/231132.743:INFO:CONSOLE:9] "Rendering was performed in a subtree hidden by content-visibility.", source: https://www.bing.com/search?q=how%20to%20remove%20stains%20from%20clothes (9)
[0411/231132.743:INFO:CONSOLE:9] "Rendering was performed in a subtree hidden by content-visibility.", source: https://www.bing.com/search?q=how%20to%20remove%20stains%20from%20clothes (9)
[0411/231140.358:INFO:CONSOLE:9] "Rendering was performed in a subtree hidden by content-visibility.", source: https://www.bing.com/search?q=best%20documentaries%20on%20netflix (9)
[0411/231140.358:INFO:CONSOLE:9] "Rendering was performed in a subtree hidden by content-visibility.", source: https://www.bing.com/search?q=best%20documentaries%20on%20netflix (9)
[0411/231140.358:INFO:CONSOLE:9] "Rendering was performed in a subtree hidden by content-visibility.", source: https://www.bing.com/search?q=best%20documentaries%20on%20netflix (9)
[0411/231140.358:INFO:CONSOLE:9] "Rendering was performed in a subtree hidden by content-visibility.", source: https://www.bing.com/search?q=best%20documentaries%20on%20netflix (9)
[0411/231140.358:INFO:CONSOLE:9] "Rendering was performed in a subtree hidden by content-visibility.", source: https://www.bing.com/search?q=best%20documentaries%20on%20netflix (9)
[0411/231140.358:INFO:CONSOLE:9] "Rendering was performed in a subtree hidden by content-visibility.", source: https://www.bing.com/search?q=best%20documentaries%20on%20netflix (9)
[0411/231140.358:INFO:CONSOLE:9] "Rendering was performed in a subtree hidden by content-visibility.", source: https://www.bing.com/search?q=best%20documentaries%20on%20netflix (9)
[0411/231140.358:INFO:CONSOLE:9] "Rendering was performed in a subtree hidden by content-visibility.", source: https://www.bing.com/search?q=best%20documentaries%20on%20netflix (9)
[0411/231140.358:INFO:CONSOLE:9] "Rendering was performed in a subtree hidden by content-visibility.", source: https://www.bing.com/search?q=best%20documentaries%20on%20netflix (9)
[0411/231140.358:INFO:CONSOLE:9] "Rendering was performed in a subtree hidden by content-visibility.", source: https://www.bing.com/search?q=best%20documentaries%20on%20netflix (9)
[0411/231140.358:INFO:CONSOLE:9] "Rendering was performed in a subtree hidden by content-visibility.", source: https://www.bing.com/search?q=best%20documentaries%20on%20netflix (9)
[0411/231140.359:INFO:CONSOLE:9] "Rendering was performed in a subtree hidden by content-visibility.", source: https://www.bing.com/search?q=best%20documentaries%20on%20netflix (9)
[0411/231152.274:INFO:CONSOLE:9] "Rendering was performed in a subtree hidden by content-visibility.", source: https://www.bing.com/search?q=best%20board%20games%20for%20adults (9)
[0411/231152.274:INFO:CONSOLE:9] "Rendering was performed in a subtree hidden by content-visibility.", source: https://www.bing.com/search?q=best%20board%20games%20for%20adults (9)
[0411/231152.274:INFO:CONSOLE:9] "Rendering was performed in a subtree hidden by content-visibility.", source: https://www.bing.com/search?q=best%20board%20games%20for%20adults (9)
[0411/231152.274:INFO:CONSOLE:9] "Rendering was performed in a subtree hidden by content-visibility.", source: https://www.bing.com/search?q=best%20board%20games%20for%20adults (9)
[0411/231152.274:INFO:CONSOLE:9] "Rendering was performed in a subtree hidden by content-visibility.", source: https://www.bing.com/search?q=best%20board%20games%20for%20adults (9)
[0411/231152.274:INFO:CONSOLE:9] "Rendering was performed in a subtree hidden by content-visibility.", source: https://www.bing.com/search?q=best%20board%20games%20for%20adults (9)
[0411/231152.274:INFO:CONSOLE:9] "Rendering was performed in a subtree hidden by content-visibility.", source: https://www.bing.com/search?q=best%20board%20games%20for%20adults (9)
[0411/231152.274:INFO:CONSOLE:9] "Rendering was performed in a subtree hidden by content-visibility.", source: https://www.bing.com/search?q=best%20board%20games%20for%20adults (9)
[0411/231152.275:INFO:CONSOLE:9] "Rendering was performed in a subtree hidden by content-visibility.", source: https://www.bing.com/search?q=best%20board%20games%20for%20adults (9)
[0411/231152.275:INFO:CONSOLE:9] "Rendering was performed in a subtree hidden by content-visibility.", source: https://www.bing.com/search?q=best%20board%20games%20for%20adults (9)
[0411/231152.275:INFO:CONSOLE:9] "Rendering was performed in a subtree hidden by content-visibility.", source: https://www.bing.com/search?q=best%20board%20games%20for%20adults (9)
[0411/231152.275:INFO:CONSOLE:9] "Rendering was performed in a subtree hidden by content-visibility.", source: https://www.bing.com/search?q=best%20board%20games%20for%20adults (9)
[0411/231202.640:INFO:CONSOLE:9] "Rendering was performed in a subtree hidden by content-visibility.", source: https://www.bing.com/search?q=diy%20home%20improvement%20projects (9)
[0411/231202.640:INFO:CONSOLE:9] "Rendering was performed in a subtree hidden by content-visibility.", source: https://www.bing.com/search?q=diy%20home%20improvement%20projects (9)
[0411/231202.640:INFO:CONSOLE:9] "Rendering was performed in a subtree hidden by content-visibility.", source: https://www.bing.com/search?q=diy%20home%20improvement%20projects (9)
[0411/231202.640:INFO:CONSOLE:9] "Rendering was performed in a subtree hidden by content-visibility.", source: https://www.bing.com/search?q=diy%20home%20improvement%20projects (9)
[0411/231202.640:INFO:CONSOLE:9] "Rendering was performed in a subtree hidden by content-visibility.", source: https://www.bing.com/search?q=diy%20home%20improvement%20projects (9)
[0411/231202.640:INFO:CONSOLE:9] "Rendering was performed in a subtree hidden by content-visibility.", source: https://www.bing.com/search?q=diy%20home%20improvement%20projects (9)
[0411/231202.640:INFO:CONSOLE:9] "Rendering was performed in a subtree hidden by content-visibility.", source: https://www.bing.com/search?q=diy%20home%20improvement%20projects (9)
[0411/231202.640:INFO:CONSOLE:9] "Rendering was performed in a subtree hidden by content-visibility.", source: https://www.bing.com/search?q=diy%20home%20improvement%20projects (9)
[0411/231202.641:INFO:CONSOLE:9] "Rendering was performed in a subtree hidden by content-visibility.", source: https://www.bing.com/search?q=diy%20home%20improvement%20projects (9)
[0411/231202.641:INFO:CONSOLE:9] "Rendering was performed in a subtree hidden by content-visibility.", source: https://www.bing.com/search?q=diy%20home%20improvement%20projects (9)
[0411/231202.641:INFO:CONSOLE:9] "Rendering was performed in a subtree hidden by content-visibility.", source: https://www.bing.com/search?q=diy%20home%20improvement%20projects (9)
[0411/231202.641:INFO:CONSOLE:9] "Rendering was performed in a subtree hidden by content-visibility.", source: https://www.bing.com/search?q=diy%20home%20improvement%20projects (9)
[0411/231214.257:INFO:CONSOLE:9] "Rendering was performed in a subtree hidden by content-visibility.", source: https://www.bing.com/search?q=gardening%20tips%20for%20beginners (9)
[0411/231214.257:INFO:CONSOLE:9] "Rendering was performed in a subtree hidden by content-visibility.", source: https://www.bing.com/search?q=gardening%20tips%20for%20beginners (9)
[0411/231214.257:INFO:CONSOLE:9] "Rendering was performed in a subtree hidden by content-visibility.", source: https://www.bing.com/search?q=gardening%20tips%20for%20beginners (9)
[0411/231214.257:INFO:CONSOLE:9] "Rendering was performed in a subtree hidden by content-visibility.", source: https://www.bing.com/search?q=gardening%20tips%20for%20beginners (9)
[0411/231214.257:INFO:CONSOLE:9] "Rendering was performed in a subtree hidden by content-visibility.", source: https://www.bing.com/search?q=gardening%20tips%20for%20beginners (9)
[0411/231214.257:INFO:CONSOLE:9] "Rendering was performed in a subtree hidden by content-visibility.", source: https://www.bing.com/search?q=gardening%20tips%20for%20beginners (9)
[0411/231214.257:INFO:CONSOLE:9] "Rendering was performed in a subtree hidden by content-visibility.", source: https://www.bing.com/search?q=gardening%20tips%20for%20beginners (9)
[0411/231214.258:INFO:CONSOLE:9] "Rendering was performed in a subtree hidden by content-visibility.", source: https://www.bing.com/search?q=gardening%20tips%20for%20beginners (9)
[0411/231214.258:INFO:CONSOLE:9] "Rendering was performed in a subtree hidden by content-visibility.", source: https://www.bing.com/search?q=gardening%20tips%20for%20beginners (9)
[0411/231214.258:INFO:CONSOLE:9] "Rendering was performed in a subtree hidden by content-visibility.", source: https://www.bing.com/search?q=gardening%20tips%20for%20beginners (9)
[0411/231214.258:INFO:CONSOLE:9] "Rendering was performed in a subtree hidden by content-visibility.", source: https://www.bing.com/search?q=gardening%20tips%20for%20beginners (9)
[0411/231214.258:INFO:CONSOLE:9] "Rendering was performed in a subtree hidden by content-visibility.", source: https://www.bing.com/search?q=gardening%20tips%20for%20beginners (9)
[0411/231220.156:INFO:CONSOLE:9] "Rendering was performed in a subtree hidden by content-visibility.", source: https://www.bing.com/search?q=how%20to%20fix%20a%20leaky%20tap (9)
[0411/231220.156:INFO:CONSOLE:9] "Rendering was performed in a subtree hidden by content-visibility.", source: https://www.bing.com/search?q=how%20to%20fix%20a%20leaky%20tap (9)
[0411/231220.156:INFO:CONSOLE:9] "Rendering was performed in a subtree hidden by content-visibility.", source: https://www.bing.com/search?q=how%20to%20fix%20a%20leaky%20tap (9)
[0411/231220.156:INFO:CONSOLE:9] "Rendering was performed in a subtree hidden by content-visibility.", source: https://www.bing.com/search?q=how%20to%20fix%20a%20leaky%20tap (9)
[0411/231220.156:INFO:CONSOLE:9] "Rendering was performed in a subtree hidden by content-visibility.", source: https://www.bing.com/search?q=how%20to%20fix%20a%20leaky%20tap (9)
[0411/231220.156:INFO:CONSOLE:9] "Rendering was performed in a subtree hidden by content-visibility.", source: https://www.bing.com/search?q=how%20to%20fix%20a%20leaky%20tap (9)
[0411/231220.156:INFO:CONSOLE:9] "Rendering was performed in a subtree hidden by content-visibility.", source: https://www.bing.com/search?q=how%20to%20fix%20a%20leaky%20tap (9)
[0411/231220.156:INFO:CONSOLE:9] "Rendering was performed in a subtree hidden by content-visibility.", source: https://www.bing.com/search?q=how%20to%20fix%20a%20leaky%20tap (9)
[0411/231220.156:INFO:CONSOLE:9] "Rendering was performed in a subtree hidden by content-visibility.", source: https://www.bing.com/search?q=how%20to%20fix%20a%20leaky%20tap (9)
[0411/231220.156:INFO:CONSOLE:9] "Rendering was performed in a subtree hidden by content-visibility.", source: https://www.bing.com/search?q=how%20to%20fix%20a%20leaky%20tap (9)
[0411/231220.156:INFO:CONSOLE:9] "Rendering was performed in a subtree hidden by content-visibility.", source: https://www.bing.com/search?q=how%20to%20fix%20a%20leaky%20tap (9)
[0411/231220.156:INFO:CONSOLE:9] "Rendering was performed in a subtree hidden by content-visibility.", source: https://www.bing.com/search?q=how%20to%20fix%20a%20leaky%20tap (9)
[0411/231229.556:INFO:CONSOLE:9] "Rendering was performed in a subtree hidden by content-visibility.", source: https://www.bing.com/search?q=best%20free%20vpn%20services (9)
[0411/231229.556:INFO:CONSOLE:9] "Rendering was performed in a subtree hidden by content-visibility.", source: https://www.bing.com/search?q=best%20free%20vpn%20services (9)
[0411/231229.556:INFO:CONSOLE:9] "Rendering was performed in a subtree hidden by content-visibility.", source: https://www.bing.com/search?q=best%20free%20vpn%20services (9)
[0411/231229.556:INFO:CONSOLE:9] "Rendering was performed in a subtree hidden by content-visibility.", source: https://www.bing.com/search?q=best%20free%20vpn%20services (9)
[0411/231229.556:INFO:CONSOLE:9] "Rendering was performed in a subtree hidden by content-visibility.", source: https://www.bing.com/search?q=best%20free%20vpn%20services (9)
[0411/231229.556:INFO:CONSOLE:9] "Rendering was performed in a subtree hidden by content-visibility.", source: https://www.bing.com/search?q=best%20free%20vpn%20services (9)
[0411/231229.556:INFO:CONSOLE:9] "Rendering was performed in a subtree hidden by content-visibility.", source: https://www.bing.com/search?q=best%20free%20vpn%20services (9)
[0411/231229.556:INFO:CONSOLE:9] "Rendering was performed in a subtree hidden by content-visibility.", source: https://www.bing.com/search?q=best%20free%20vpn%20services (9)
[0411/231229.556:INFO:CONSOLE:9] "Rendering was performed in a subtree hidden by content-visibility.", source: https://www.bing.com/search?q=best%20free%20vpn%20services (9)
[0411/231229.556:INFO:CONSOLE:9] "Rendering was performed in a subtree hidden by content-visibility.", source: https://www.bing.com/search?q=best%20free%20vpn%20services (9)
[0411/231229.556:INFO:CONSOLE:9] "Rendering was performed in a subtree hidden by content-visibility.", source: https://www.bing.com/search?q=best%20free%20vpn%20services (9)
[0411/231229.556:INFO:CONSOLE:9] "Rendering was performed in a subtree hidden by content-visibility.", source: https://www.bing.com/search?q=best%20free%20vpn%20services (9)
[0411/231237.472:INFO:CONSOLE:9] "Rendering was performed in a subtree hidden by content-visibility.", source: https://www.bing.com/search?q=how%20to%20remove%20rust (9)
[0411/231237.473:INFO:CONSOLE:9] "Rendering was performed in a subtree hidden by content-visibility.", source: https://www.bing.com/search?q=how%20to%20remove%20rust (9)
[0411/231237.473:INFO:CONSOLE:9] "Rendering was performed in a subtree hidden by content-visibility.", source: https://www.bing.com/search?q=how%20to%20remove%20rust (9)
[0411/231237.473:INFO:CONSOLE:9] "Rendering was performed in a subtree hidden by content-visibility.", source: https://www.bing.com/search?q=how%20to%20remove%20rust (9)
[0411/231237.473:INFO:CONSOLE:9] "Rendering was performed in a subtree hidden by content-visibility.", source: https://www.bing.com/search?q=how%20to%20remove%20rust (9)
[0411/231237.473:INFO:CONSOLE:9] "Rendering was performed in a subtree hidden by content-visibility.", source: https://www.bing.com/search?q=how%20to%20remove%20rust (9)
[0411/231237.473:INFO:CONSOLE:9] "Rendering was performed in a subtree hidden by content-visibility.", source: https://www.bing.com/search?q=how%20to%20remove%20rust (9)
[0411/231237.473:INFO:CONSOLE:9] "Rendering was performed in a subtree hidden by content-visibility.", source: https://www.bing.com/search?q=how%20to%20remove%20rust (9)
[0411/231237.473:INFO:CONSOLE:9] "Rendering was performed in a subtree hidden by content-visibility.", source: https://www.bing.com/search?q=how%20to%20remove%20rust (9)
[0411/231237.473:INFO:CONSOLE:9] "Rendering was performed in a subtree hidden by content-visibility.", source: https://www.bing.com/search?q=how%20to%20remove%20rust (9)
[0411/231237.473:INFO:CONSOLE:9] "Rendering was performed in a subtree hidden by content-visibility.", source: https://www.bing.com/search?q=how%20to%20remove%20rust (9)
[0411/231237.473:INFO:CONSOLE:9] "Rendering was performed in a subtree hidden by content-visibility.", source: https://www.bing.com/search?q=how%20to%20remove%20rust (9)
[0411/231243.455:INFO:CONSOLE:9] "Rendering was performed in a subtree hidden by content-visibility.", source: https://www.bing.com/search?q=how%20to%20start%20a%20side%20hustle (9)
[0411/231243.455:INFO:CONSOLE:9] "Rendering was performed in a subtree hidden by content-visibility.", source: https://www.bing.com/search?q=how%20to%20start%20a%20side%20hustle (9)
[0411/231243.455:INFO:CONSOLE:9] "Rendering was performed in a subtree hidden by content-visibility.", source: https://www.bing.com/search?q=how%20to%20start%20a%20side%20hustle (9)
[0411/231243.455:INFO:CONSOLE:9] "Rendering was performed in a subtree hidden by content-visibility.", source: https://www.bing.com/search?q=how%20to%20start%20a%20side%20hustle (9)
[0411/231243.455:INFO:CONSOLE:9] "Rendering was performed in a subtree hidden by content-visibility.", source: https://www.bing.com/search?q=how%20to%20start%20a%20side%20hustle (9)
[0411/231243.455:INFO:CONSOLE:9] "Rendering was performed in a subtree hidden by content-visibility.", source: https://www.bing.com/search?q=how%20to%20start%20a%20side%20hustle (9)
[0411/231243.455:INFO:CONSOLE:9] "Rendering was performed in a subtree hidden by content-visibility.", source: https://www.bing.com/search?q=how%20to%20start%20a%20side%20hustle (9)
[0411/231243.455:INFO:CONSOLE:9] "Rendering was performed in a subtree hidden by content-visibility.", source: https://www.bing.com/search?q=how%20to%20start%20a%20side%20hustle (9)
[0411/231243.455:INFO:CONSOLE:9] "Rendering was performed in a subtree hidden by content-visibility.", source: https://www.bing.com/search?q=how%20to%20start%20a%20side%20hustle (9)
[0411/231243.455:INFO:CONSOLE:9] "Rendering was performed in a subtree hidden by content-visibility.", source: https://www.bing.com/search?q=how%20to%20start%20a%20side%20hustle (9)
[0411/231243.456:INFO:CONSOLE:9] "Rendering was performed in a subtree hidden by content-visibility.", source: https://www.bing.com/search?q=how%20to%20start%20a%20side%20hustle (9)
[0411/231243.456:INFO:CONSOLE:9] "Rendering was performed in a subtree hidden by content-visibility.", source: https://www.bing.com/search?q=how%20to%20start%20a%20side%20hustle (9)
[0411/231249.822:INFO:CONSOLE:9] "Rendering was performed in a subtree hidden by content-visibility.", source: https://www.bing.com/search?q=sydney%20events%20this%20weekend (9)
[0411/231249.822:INFO:CONSOLE:9] "Rendering was performed in a subtree hidden by content-visibility.", source: https://www.bing.com/search?q=sydney%20events%20this%20weekend (9)
[0411/231249.822:INFO:CONSOLE:9] "Rendering was performed in a subtree hidden by content-visibility.", source: https://www.bing.com/search?q=sydney%20events%20this%20weekend (9)
[0411/231249.822:INFO:CONSOLE:9] "Rendering was performed in a subtree hidden by content-visibility.", source: https://www.bing.com/search?q=sydney%20events%20this%20weekend (9)
[0411/231249.822:INFO:CONSOLE:9] "Rendering was performed in a subtree hidden by content-visibility.", source: https://www.bing.com/search?q=sydney%20events%20this%20weekend (9)
[0411/231249.822:INFO:CONSOLE:9] "Rendering was performed in a subtree hidden by content-visibility.", source: https://www.bing.com/search?q=sydney%20events%20this%20weekend (9)
[0411/231249.822:INFO:CONSOLE:9] "Rendering was performed in a subtree hidden by content-visibility.", source: https://www.bing.com/search?q=sydney%20events%20this%20weekend (9)
[0411/231249.822:INFO:CONSOLE:9] "Rendering was performed in a subtree hidden by content-visibility.", source: https://www.bing.com/search?q=sydney%20events%20this%20weekend (9)
[0411/231249.822:INFO:CONSOLE:9] "Rendering was performed in a subtree hidden by content-visibility.", source: https://www.bing.com/search?q=sydney%20events%20this%20weekend (9)
[0411/231249.822:INFO:CONSOLE:9] "Rendering was performed in a subtree hidden by content-visibility.", source: https://www.bing.com/search?q=sydney%20events%20this%20weekend (9)
[0411/231249.822:INFO:CONSOLE:9] "Rendering was performed in a subtree hidden by content-visibility.", source: https://www.bing.com/search?q=sydney%20events%20this%20weekend (9)
[0411/231249.822:INFO:CONSOLE:9] "Rendering was performed in a subtree hidden by content-visibility.", source: https://www.bing.com/search?q=sydney%20events%20this%20weekend (9)
[0411/231302.188:INFO:CONSOLE:9] "Rendering was performed in a subtree hidden by content-visibility.", source: https://www.bing.com/search?q=best%20hiking%20trails%20australia (9)
[0411/231302.188:INFO:CONSOLE:9] "Rendering was performed in a subtree hidden by content-visibility.", source: https://www.bing.com/search?q=best%20hiking%20trails%20australia (9)
[0411/231302.188:INFO:CONSOLE:9] "Rendering was performed in a subtree hidden by content-visibility.", source: https://www.bing.com/search?q=best%20hiking%20trails%20australia (9)
[0411/231302.188:INFO:CONSOLE:9] "Rendering was performed in a subtree hidden by content-visibility.", source: https://www.bing.com/search?q=best%20hiking%20trails%20australia (9)
[0411/231302.188:INFO:CONSOLE:9] "Rendering was performed in a subtree hidden by content-visibility.", source: https://www.bing.com/search?q=best%20hiking%20trails%20australia (9)
[0411/231302.188:INFO:CONSOLE:9] "Rendering was performed in a subtree hidden by content-visibility.", source: https://www.bing.com/search?q=best%20hiking%20trails%20australia (9)
[0411/231302.188:INFO:CONSOLE:9] "Rendering was performed in a subtree hidden by content-visibility.", source: https://www.bing.com/search?q=best%20hiking%20trails%20australia (9)
[0411/231302.188:INFO:CONSOLE:9] "Rendering was performed in a subtree hidden by content-visibility.", source: https://www.bing.com/search?q=best%20hiking%20trails%20australia (9)
[0411/231302.188:INFO:CONSOLE:9] "Rendering was performed in a subtree hidden by content-visibility.", source: https://www.bing.com/search?q=best%20hiking%20trails%20australia (9)
[0411/231302.188:INFO:CONSOLE:9] "Rendering was performed in a subtree hidden by content-visibility.", source: https://www.bing.com/search?q=best%20hiking%20trails%20australia (9)
[0411/231302.188:INFO:CONSOLE:9] "Rendering was performed in a subtree hidden by content-visibility.", source: https://www.bing.com/search?q=best%20hiking%20trails%20australia (9)
[0411/231302.188:INFO:CONSOLE:9] "Rendering was performed in a subtree hidden by content-visibility.", source: https://www.bing.com/search?q=best%20hiking%20trails%20australia (9)
[0411/231313.588:INFO:CONSOLE:9] "Rendering was performed in a subtree hidden by content-visibility.", source: https://www.bing.com/search?q=how%20to%20improve%20wifi%20signal (9)
[0411/231313.588:INFO:CONSOLE:9] "Rendering was performed in a subtree hidden by content-visibility.", source: https://www.bing.com/search?q=how%20to%20improve%20wifi%20signal (9)
[0411/231313.588:INFO:CONSOLE:9] "Rendering was performed in a subtree hidden by content-visibility.", source: https://www.bing.com/search?q=how%20to%20improve%20wifi%20signal (9)
[0411/231313.588:INFO:CONSOLE:9] "Rendering was performed in a subtree hidden by content-visibility.", source: https://www.bing.com/search?q=how%20to%20improve%20wifi%20signal (9)
[0411/231313.588:INFO:CONSOLE:9] "Rendering was performed in a subtree hidden by content-visibility.", source: https://www.bing.com/search?q=how%20to%20improve%20wifi%20signal (9)
[0411/231313.588:INFO:CONSOLE:9] "Rendering was performed in a subtree hidden by content-visibility.", source: https://www.bing.com/search?q=how%20to%20improve%20wifi%20signal (9)
[0411/231313.588:INFO:CONSOLE:9] "Rendering was performed in a subtree hidden by content-visibility.", source: https://www.bing.com/search?q=how%20to%20improve%20wifi%20signal (9)
[0411/231313.588:INFO:CONSOLE:9] "Rendering was performed in a subtree hidden by content-visibility.", source: https://www.bing.com/search?q=how%20to%20improve%20wifi%20signal (9)
[0411/231313.588:INFO:CONSOLE:9] "Rendering was performed in a subtree hidden by content-visibility.", source: https://www.bing.com/search?q=how%20to%20improve%20wifi%20signal (9)
[0411/231313.588:INFO:CONSOLE:9] "Rendering was performed in a subtree hidden by content-visibility.", source: https://www.bing.com/search?q=how%20to%20improve%20wifi%20signal (9)
[0411/231313.588:INFO:CONSOLE:9] "Rendering was performed in a subtree hidden by content-visibility.", source: https://www.bing.com/search?q=how%20to%20improve%20wifi%20signal (9)
[0411/231313.588:INFO:CONSOLE:9] "Rendering was performed in a subtree hidden by content-visibility.", source: https://www.bing.com/search?q=how%20to%20improve%20wifi%20signal (9)
[0411/231325.386:INFO:CONSOLE:9] "Rendering was performed in a subtree hidden by content-visibility.", source: https://www.bing.com/search?q=easy%20cocktail%20recipes (9)
[0411/231325.386:INFO:CONSOLE:9] "Rendering was performed in a subtree hidden by content-visibility.", source: https://www.bing.com/search?q=easy%20cocktail%20recipes (9)
[0411/231325.386:INFO:CONSOLE:9] "Rendering was performed in a subtree hidden by content-visibility.", source: https://www.bing.com/search?q=easy%20cocktail%20recipes (9)
[0411/231325.386:INFO:CONSOLE:9] "Rendering was performed in a subtree hidden by content-visibility.", source: https://www.bing.com/search?q=easy%20cocktail%20recipes (9)
[0411/231325.386:INFO:CONSOLE:9] "Rendering was performed in a subtree hidden by content-visibility.", source: https://www.bing.com/search?q=easy%20cocktail%20recipes (9)
[0411/231325.386:INFO:CONSOLE:9] "Rendering was performed in a subtree hidden by content-visibility.", source: https://www.bing.com/search?q=easy%20cocktail%20recipes (9)
[0411/231325.386:INFO:CONSOLE:9] "Rendering was performed in a subtree hidden by content-visibility.", source: https://www.bing.com/search?q=easy%20cocktail%20recipes (9)
[0411/231325.386:INFO:CONSOLE:9] "Rendering was performed in a subtree hidden by content-visibility.", source: https://www.bing.com/search?q=easy%20cocktail%20recipes (9)
[0411/231325.386:INFO:CONSOLE:9] "Rendering was performed in a subtree hidden by content-visibility.", source: https://www.bing.com/search?q=easy%20cocktail%20recipes (9)
[0411/231325.386:INFO:CONSOLE:9] "Rendering was performed in a subtree hidden by content-visibility.", source: https://www.bing.com/search?q=easy%20cocktail%20recipes (9)
[0411/231325.386:INFO:CONSOLE:9] "Rendering was performed in a subtree hidden by content-visibility.", source: https://www.bing.com/search?q=easy%20cocktail%20recipes (9)
[0411/231325.386:INFO:CONSOLE:9] "Rendering was performed in a subtree hidden by content-visibility.", source: https://www.bing.com/search?q=easy%20cocktail%20recipes (9)
[0411/231336.103:INFO:CONSOLE:9] "Rendering was performed in a subtree hidden by content-visibility.", source: https://www.bing.com/search?q=how%20to%20fix%20scratched%20glasses (9)
[0411/231336.103:INFO:CONSOLE:9] "Rendering was performed in a subtree hidden by content-visibility.", source: https://www.bing.com/search?q=how%20to%20fix%20scratched%20glasses (9)
[0411/231336.103:INFO:CONSOLE:9] "Rendering was performed in a subtree hidden by content-visibility.", source: https://www.bing.com/search?q=how%20to%20fix%20scratched%20glasses (9)
[0411/231336.103:INFO:CONSOLE:9] "Rendering was performed in a subtree hidden by content-visibility.", source: https://www.bing.com/search?q=how%20to%20fix%20scratched%20glasses (9)
[0411/231336.103:INFO:CONSOLE:9] "Rendering was performed in a subtree hidden by content-visibility.", source: https://www.bing.com/search?q=how%20to%20fix%20scratched%20glasses (9)
[0411/231336.103:INFO:CONSOLE:9] "Rendering was performed in a subtree hidden by content-visibility.", source: https://www.bing.com/search?q=how%20to%20fix%20scratched%20glasses (9)
[0411/231336.104:INFO:CONSOLE:9] "Rendering was performed in a subtree hidden by content-visibility.", source: https://www.bing.com/search?q=how%20to%20fix%20scratched%20glasses (9)
[0411/231336.104:INFO:CONSOLE:9] "Rendering was performed in a subtree hidden by content-visibility.", source: https://www.bing.com/search?q=how%20to%20fix%20scratched%20glasses (9)
[0411/231336.104:INFO:CONSOLE:9] "Rendering was performed in a subtree hidden by content-visibility.", source: https://www.bing.com/search?q=how%20to%20fix%20scratched%20glasses (9)
[0411/231336.104:INFO:CONSOLE:9] "Rendering was performed in a subtree hidden by content-visibility.", source: https://www.bing.com/search?q=how%20to%20fix%20scratched%20glasses (9)
[0411/231336.104:INFO:CONSOLE:9] "Rendering was performed in a subtree hidden by content-visibility.", source: https://www.bing.com/search?q=how%20to%20fix%20scratched%20glasses (9)
[0411/231336.104:INFO:CONSOLE:9] "Rendering was performed in a subtree hidden by content-visibility.", source: https://www.bing.com/search?q=how%20to%20fix%20scratched%20glasses (9)
[0411/231346.369:INFO:CONSOLE:9] "Rendering was performed in a subtree hidden by content-visibility.", source: https://www.bing.com/search?q=weekend%20getaway%20ideas (9)
[0411/231346.369:INFO:CONSOLE:9] "Rendering was performed in a subtree hidden by content-visibility.", source: https://www.bing.com/search?q=weekend%20getaway%20ideas (9)
[0411/231346.369:INFO:CONSOLE:9] "Rendering was performed in a subtree hidden by content-visibility.", source: https://www.bing.com/search?q=weekend%20getaway%20ideas (9)
[0411/231346.369:INFO:CONSOLE:9] "Rendering was performed in a subtree hidden by content-visibility.", source: https://www.bing.com/search?q=weekend%20getaway%20ideas (9)
[0411/231346.369:INFO:CONSOLE:9] "Rendering was performed in a subtree hidden by content-visibility.", source: https://www.bing.com/search?q=weekend%20getaway%20ideas (9)
[0411/231346.369:INFO:CONSOLE:9] "Rendering was performed in a subtree hidden by content-visibility.", source: https://www.bing.com/search?q=weekend%20getaway%20ideas (9)
[0411/231346.369:INFO:CONSOLE:9] "Rendering was performed in a subtree hidden by content-visibility.", source: https://www.bing.com/search?q=weekend%20getaway%20ideas (9)
[0411/231346.369:INFO:CONSOLE:9] "Rendering was performed in a subtree hidden by content-visibility.", source: https://www.bing.com/search?q=weekend%20getaway%20ideas (9)
[0411/231346.369:INFO:CONSOLE:9] "Rendering was performed in a subtree hidden by content-visibility.", source: https://www.bing.com/search?q=weekend%20getaway%20ideas (9)
[0411/231346.369:INFO:CONSOLE:9] "Rendering was performed in a subtree hidden by content-visibility.", source: https://www.bing.com/search?q=weekend%20getaway%20ideas (9)
[0411/231346.370:INFO:CONSOLE:9] "Rendering was performed in a subtree hidden by content-visibility.", source: https://www.bing.com/search?q=weekend%20getaway%20ideas (9)
[0411/231346.370:INFO:CONSOLE:9] "Rendering was performed in a subtree hidden by content-visibility.", source: https://www.bing.com/search?q=weekend%20getaway%20ideas (9)
[0411/231354.602:INFO:CONSOLE:9] "Rendering was performed in a subtree hidden by content-visibility.", source: https://www.bing.com/search?q=cheap%20flights%20to%20bali (9)
[0411/231354.602:INFO:CONSOLE:9] "Rendering was performed in a subtree hidden by content-visibility.", source: https://www.bing.com/search?q=cheap%20flights%20to%20bali (9)
[0411/231354.602:INFO:CONSOLE:9] "Rendering was performed in a subtree hidden by content-visibility.", source: https://www.bing.com/search?q=cheap%20flights%20to%20bali (9)
[0411/231354.602:INFO:CONSOLE:9] "Rendering was performed in a subtree hidden by content-visibility.", source: https://www.bing.com/search?q=cheap%20flights%20to%20bali (9)
[0411/231354.602:INFO:CONSOLE:9] "Rendering was performed in a subtree hidden by content-visibility.", source: https://www.bing.com/search?q=cheap%20flights%20to%20bali (9)
[0411/231354.602:INFO:CONSOLE:9] "Rendering was performed in a subtree hidden by content-visibility.", source: https://www.bing.com/search?q=cheap%20flights%20to%20bali (9)
[0411/231354.602:INFO:CONSOLE:9] "Rendering was performed in a subtree hidden by content-visibility.", source: https://www.bing.com/search?q=cheap%20flights%20to%20bali (9)
[0411/231354.602:INFO:CONSOLE:9] "Rendering was performed in a subtree hidden by content-visibility.", source: https://www.bing.com/search?q=cheap%20flights%20to%20bali (9)
[0411/231354.602:INFO:CONSOLE:9] "Rendering was performed in a subtree hidden by content-visibility.", source: https://www.bing.com/search?q=cheap%20flights%20to%20bali (9)
[0411/231354.602:INFO:CONSOLE:9] "Rendering was performed in a subtree hidden by content-visibility.", source: https://www.bing.com/search?q=cheap%20flights%20to%20bali (9)
[0411/231354.602:INFO:CONSOLE:9] "Rendering was performed in a subtree hidden by content-visibility.", source: https://www.bing.com/search?q=cheap%20flights%20to%20bali (9)
[0411/231354.602:INFO:CONSOLE:9] "Rendering was performed in a subtree hidden by content-visibility.", source: https://www.bing.com/search?q=cheap%20flights%20to%20bali (9)
[0411/231407.052:INFO:CONSOLE:9] "Rendering was performed in a subtree hidden by content-visibility.", source: https://www.bing.com/search?q=beginner%20yoga%20poses (9)
[0411/231407.052:INFO:CONSOLE:9] "Rendering was performed in a subtree hidden by content-visibility.", source: https://www.bing.com/search?q=beginner%20yoga%20poses (9)
[0411/231407.052:INFO:CONSOLE:9] "Rendering was performed in a subtree hidden by content-visibility.", source: https://www.bing.com/search?q=beginner%20yoga%20poses (9)
[0411/231407.052:INFO:CONSOLE:9] "Rendering was performed in a subtree hidden by content-visibility.", source: https://www.bing.com/search?q=beginner%20yoga%20poses (9)
[0411/231407.052:INFO:CONSOLE:9] "Rendering was performed in a subtree hidden by content-visibility.", source: https://www.bing.com/search?q=beginner%20yoga%20poses (9)
[0411/231407.052:INFO:CONSOLE:9] "Rendering was performed in a subtree hidden by content-visibility.", source: https://www.bing.com/search?q=beginner%20yoga%20poses (9)
[0411/231407.052:INFO:CONSOLE:9] "Rendering was performed in a subtree hidden by content-visibility.", source: https://www.bing.com/search?q=beginner%20yoga%20poses (9)
[0411/231407.052:INFO:CONSOLE:9] "Rendering was performed in a subtree hidden by content-visibility.", source: https://www.bing.com/search?q=beginner%20yoga%20poses (9)
[0411/231407.052:INFO:CONSOLE:9] "Rendering was performed in a subtree hidden by content-visibility.", source: https://www.bing.com/search?q=beginner%20yoga%20poses (9)
[0411/231407.052:INFO:CONSOLE:9] "Rendering was performed in a subtree hidden by content-visibility.", source: https://www.bing.com/search?q=beginner%20yoga%20poses (9)
[0411/231407.052:INFO:CONSOLE:9] "Rendering was performed in a subtree hidden by content-visibility.", source: https://www.bing.com/search?q=beginner%20yoga%20poses (9)
[0411/231407.052:INFO:CONSOLE:9] "Rendering was performed in a subtree hidden by content-visibility.", source: https://www.bing.com/search?q=beginner%20yoga%20poses (9)
[0411/231416.101:INFO:CONSOLE:9] "Rendering was performed in a subtree hidden by content-visibility.", source: https://www.bing.com/search?q=weather%20forecast%20this%20week (9)
[0411/231416.101:INFO:CONSOLE:9] "Rendering was performed in a subtree hidden by content-visibility.", source: https://www.bing.com/search?q=weather%20forecast%20this%20week (9)
[0411/231416.101:INFO:CONSOLE:9] "Rendering was performed in a subtree hidden by content-visibility.", source: https://www.bing.com/search?q=weather%20forecast%20this%20week (9)
[0411/231416.101:INFO:CONSOLE:9] "Rendering was performed in a subtree hidden by content-visibility.", source: https://www.bing.com/search?q=weather%20forecast%20this%20week (9)
[0411/231416.101:INFO:CONSOLE:9] "Rendering was performed in a subtree hidden by content-visibility.", source: https://www.bing.com/search?q=weather%20forecast%20this%20week (9)
[0411/231416.101:INFO:CONSOLE:9] "Rendering was performed in a subtree hidden by content-visibility.", source: https://www.bing.com/search?q=weather%20forecast%20this%20week (9)
[0411/231416.101:INFO:CONSOLE:9] "Rendering was performed in a subtree hidden by content-visibility.", source: https://www.bing.com/search?q=weather%20forecast%20this%20week (9)
[0411/231416.101:INFO:CONSOLE:9] "Rendering was performed in a subtree hidden by content-visibility.", source: https://www.bing.com/search?q=weather%20forecast%20this%20week (9)
[0411/231416.101:INFO:CONSOLE:9] "Rendering was performed in a subtree hidden by content-visibility.", source: https://www.bing.com/search?q=weather%20forecast%20this%20week (9)
[0411/231416.102:INFO:CONSOLE:9] "Rendering was performed in a subtree hidden by content-visibility.", source: https://www.bing.com/search?q=weather%20forecast%20this%20week (9)
[0411/231416.102:INFO:CONSOLE:9] "Rendering was performed in a subtree hidden by content-visibility.", source: https://www.bing.com/search?q=weather%20forecast%20this%20week (9)
[0411/231416.102:INFO:CONSOLE:9] "Rendering was performed in a subtree hidden by content-visibility.", source: https://www.bing.com/search?q=weather%20forecast%20this%20week (9)
[0411/231425.418:INFO:CONSOLE:9] "Rendering was performed in a subtree hidden by content-visibility.", source: https://www.bing.com/search?q=how%20to%20make%20sourdough%20bread (9)
[0411/231425.418:INFO:CONSOLE:9] "Rendering was performed in a subtree hidden by content-visibility.", source: https://www.bing.com/search?q=how%20to%20make%20sourdough%20bread (9)
[0411/231425.418:INFO:CONSOLE:9] "Rendering was performed in a subtree hidden by content-visibility.", source: https://www.bing.com/search?q=how%20to%20make%20sourdough%20bread (9)
[0411/231425.418:INFO:CONSOLE:9] "Rendering was performed in a subtree hidden by content-visibility.", source: https://www.bing.com/search?q=how%20to%20make%20sourdough%20bread (9)
[0411/231425.418:INFO:CONSOLE:9] "Rendering was performed in a subtree hidden by content-visibility.", source: https://www.bing.com/search?q=how%20to%20make%20sourdough%20bread (9)
[0411/231425.418:INFO:CONSOLE:9] "Rendering was performed in a subtree hidden by content-visibility.", source: https://www.bing.com/search?q=how%20to%20make%20sourdough%20bread (9)
[0411/231425.418:INFO:CONSOLE:9] "Rendering was performed in a subtree hidden by content-visibility.", source: https://www.bing.com/search?q=how%20to%20make%20sourdough%20bread (9)
[0411/231425.418:INFO:CONSOLE:9] "Rendering was performed in a subtree hidden by content-visibility.", source: https://www.bing.com/search?q=how%20to%20make%20sourdough%20bread (9)
[0411/231425.418:INFO:CONSOLE:9] "Rendering was performed in a subtree hidden by content-visibility.", source: https://www.bing.com/search?q=how%20to%20make%20sourdough%20bread (9)
[0411/231425.418:INFO:CONSOLE:9] "Rendering was performed in a subtree hidden by content-visibility.", source: https://www.bing.com/search?q=how%20to%20make%20sourdough%20bread (9)
[0411/231425.418:INFO:CONSOLE:9] "Rendering was performed in a subtree hidden by content-visibility.", source: https://www.bing.com/search?q=how%20to%20make%20sourdough%20bread (9)
[0411/231425.419:INFO:CONSOLE:9] "Rendering was performed in a subtree hidden by content-visibility.", source: https://www.bing.com/search?q=how%20to%20make%20sourdough%20bread (9)
[0411/231435.567:INFO:CONSOLE:9] "Rendering was performed in a subtree hidden by content-visibility.", source: https://www.bing.com/search?q=best%20coffee%20shops%20near%20me (9)
[0411/231435.567:INFO:CONSOLE:9] "Rendering was performed in a subtree hidden by content-visibility.", source: https://www.bing.com/search?q=best%20coffee%20shops%20near%20me (9)
[0411/231435.567:INFO:CONSOLE:9] "Rendering was performed in a subtree hidden by content-visibility.", source: https://www.bing.com/search?q=best%20coffee%20shops%20near%20me (9)
[0411/231435.567:INFO:CONSOLE:9] "Rendering was performed in a subtree hidden by content-visibility.", source: https://www.bing.com/search?q=best%20coffee%20shops%20near%20me (9)
[0411/231435.568:INFO:CONSOLE:9] "Rendering was performed in a subtree hidden by content-visibility.", source: https://www.bing.com/search?q=best%20coffee%20shops%20near%20me (9)
[0411/231435.568:INFO:CONSOLE:9] "Rendering was performed in a subtree hidden by content-visibility.", source: https://www.bing.com/search?q=best%20coffee%20shops%20near%20me (9)
[0411/231435.568:INFO:CONSOLE:9] "Rendering was performed in a subtree hidden by content-visibility.", source: https://www.bing.com/search?q=best%20coffee%20shops%20near%20me (9)
[0411/231435.568:INFO:CONSOLE:9] "Rendering was performed in a subtree hidden by content-visibility.", source: https://www.bing.com/search?q=best%20coffee%20shops%20near%20me (9)
[0411/231435.568:INFO:CONSOLE:9] "Rendering was performed in a subtree hidden by content-visibility.", source: https://www.bing.com/search?q=best%20coffee%20shops%20near%20me (9)
[0411/231435.568:INFO:CONSOLE:9] "Rendering was performed in a subtree hidden by content-visibility.", source: https://www.bing.com/search?q=best%20coffee%20shops%20near%20me (9)
[0411/231435.568:INFO:CONSOLE:9] "Rendering was performed in a subtree hidden by content-visibility.", source: https://www.bing.com/search?q=best%20coffee%20shops%20near%20me (9)
[0411/231435.568:INFO:CONSOLE:9] "Rendering was performed in a subtree hidden by content-visibility.", source: https://www.bing.com/search?q=best%20coffee%20shops%20near%20me (9)
[0411/231436.336:INFO:CONSOLE:2] "No 3D because: No WebGL2", source: https://www.bing.com/maps/mapcontrol/v9/overlay?callback=initializeMap&partner=serp&branch=experimental (2)
[0411/231436.492:INFO:CONSOLE:0] "[.WebGL-0x59c00197e00]GL Driver Message (OpenGL, Performance, GL_CLOSE_PATH_NV, High): GPU stall due to ReadPixels", source: https://www.bing.com/search?q=best%20coffee%20shops%20near%20me (0)
[0411/231436.709:INFO:CONSOLE:0] "[.WebGL-0x59c00197e00]GL Driver Message (OpenGL, Performance, GL_CLOSE_PATH_NV, High): GPU stall due to ReadPixels", source: https://www.bing.com/search?q=best%20coffee%20shops%20near%20me (0)
[0411/231436.728:INFO:CONSOLE:0] "[.WebGL-0x59c00197e00]GL Driver Message (OpenGL, Performance, GL_CLOSE_PATH_NV, High): GPU stall due to ReadPixels", source: https://www.bing.com/search?q=best%20coffee%20shops%20near%20me (0)
[0411/231436.758:INFO:CONSOLE:0] "[.WebGL-0x59c00197e00]GL Driver Message (OpenGL, Performance, GL_CLOSE_PATH_NV, High): GPU stall due to ReadPixels (this message will no longer repeat)", source: https://www.bing.com/search?q=best%20coffee%20shops%20near%20me (0)
[0411/231446.651:INFO:CONSOLE:9] "Rendering was performed in a subtree hidden by content-visibility.", source: https://www.bing.com/search?q=best%20budget%20smartphones%202026 (9)
[0411/231446.651:INFO:CONSOLE:9] "Rendering was performed in a subtree hidden by content-visibility.", source: https://www.bing.com/search?q=best%20budget%20smartphones%202026 (9)
[0411/231446.651:INFO:CONSOLE:9] "Rendering was performed in a subtree hidden by content-visibility.", source: https://www.bing.com/search?q=best%20budget%20smartphones%202026 (9)
[0411/231446.651:INFO:CONSOLE:9] "Rendering was performed in a subtree hidden by content-visibility.", source: https://www.bing.com/search?q=best%20budget%20smartphones%202026 (9)
[0411/231446.651:INFO:CONSOLE:9] "Rendering was performed in a subtree hidden by content-visibility.", source: https://www.bing.com/search?q=best%20budget%20smartphones%202026 (9)
[0411/231446.651:INFO:CONSOLE:9] "Rendering was performed in a subtree hidden by content-visibility.", source: https://www.bing.com/search?q=best%20budget%20smartphones%202026 (9)
[0411/231446.651:INFO:CONSOLE:9] "Rendering was performed in a subtree hidden by content-visibility.", source: https://www.bing.com/search?q=best%20budget%20smartphones%202026 (9)
[0411/231446.651:INFO:CONSOLE:9] "Rendering was performed in a subtree hidden by content-visibility.", source: https://www.bing.com/search?q=best%20budget%20smartphones%202026 (9)
[0411/231446.651:INFO:CONSOLE:9] "Rendering was performed in a subtree hidden by content-visibility.", source: https://www.bing.com/search?q=best%20budget%20smartphones%202026 (9)
[0411/231446.652:INFO:CONSOLE:9] "Rendering was performed in a subtree hidden by content-visibility.", source: https://www.bing.com/search?q=best%20budget%20smartphones%202026 (9)
[0411/231446.652:INFO:CONSOLE:9] "Rendering was performed in a subtree hidden by content-visibility.", source: https://www.bing.com/search?q=best%20budget%20smartphones%202026 (9)
[0411/231446.652:INFO:CONSOLE:9] "Rendering was performed in a subtree hidden by content-visibility.", source: https://www.bing.com/search?q=best%20budget%20smartphones%202026 (9)
[0411/231459.017:INFO:CONSOLE:9] "Rendering was performed in a subtree hidden by content-visibility.", source: https://www.bing.com/search?q=best%20books%20to%20read%202026 (9)
[0411/231459.017:INFO:CONSOLE:9] "Rendering was performed in a subtree hidden by content-visibility.", source: https://www.bing.com/search?q=best%20books%20to%20read%202026 (9)
[0411/231459.017:INFO:CONSOLE:9] "Rendering was performed in a subtree hidden by content-visibility.", source: https://www.bing.com/search?q=best%20books%20to%20read%202026 (9)
[0411/231459.017:INFO:CONSOLE:9] "Rendering was performed in a subtree hidden by content-visibility.", source: https://www.bing.com/search?q=best%20books%20to%20read%202026 (9)
[0411/231459.018:INFO:CONSOLE:9] "Rendering was performed in a subtree hidden by content-visibility.", source: https://www.bing.com/search?q=best%20books%20to%20read%202026 (9)
[0411/231459.018:INFO:CONSOLE:9] "Rendering was performed in a subtree hidden by content-visibility.", source: https://www.bing.com/search?q=best%20books%20to%20read%202026 (9)
[0411/231459.018:INFO:CONSOLE:9] "Rendering was performed in a subtree hidden by content-visibility.", source: https://www.bing.com/search?q=best%20books%20to%20read%202026 (9)
[0411/231459.018:INFO:CONSOLE:9] "Rendering was performed in a subtree hidden by content-visibility.", source: https://www.bing.com/search?q=best%20books%20to%20read%202026 (9)
[0411/231459.018:INFO:CONSOLE:9] "Rendering was performed in a subtree hidden by content-visibility.", source: https://www.bing.com/search?q=best%20books%20to%20read%202026 (9)
[0411/231459.018:INFO:CONSOLE:9] "Rendering was performed in a subtree hidden by content-visibility.", source: https://www.bing.com/search?q=best%20books%20to%20read%202026 (9)
[0411/231459.018:INFO:CONSOLE:9] "Rendering was performed in a subtree hidden by content-visibility.", source: https://www.bing.com/search?q=best%20books%20to%20read%202026 (9)
[0411/231459.018:INFO:CONSOLE:9] "Rendering was performed in a subtree hidden by content-visibility.", source: https://www.bing.com/search?q=best%20books%20to%20read%202026 (9)
[0411/231509.099:INFO:CONSOLE:9] "Rendering was performed in a subtree hidden by content-visibility.", source: https://www.bing.com/search?q=indoor%20plant%20care%20tips (9)
[0411/231509.099:INFO:CONSOLE:9] "Rendering was performed in a subtree hidden by content-visibility.", source: https://www.bing.com/search?q=indoor%20plant%20care%20tips (9)
[0411/231509.099:INFO:CONSOLE:9] "Rendering was performed in a subtree hidden by content-visibility.", source: https://www.bing.com/search?q=indoor%20plant%20care%20tips (9)
[0411/231509.099:INFO:CONSOLE:9] "Rendering was performed in a subtree hidden by content-visibility.", source: https://www.bing.com/search?q=indoor%20plant%20care%20tips (9)
[0411/231509.099:INFO:CONSOLE:9] "Rendering was performed in a subtree hidden by content-visibility.", source: https://www.bing.com/search?q=indoor%20plant%20care%20tips (9)
[0411/231509.099:INFO:CONSOLE:9] "Rendering was performed in a subtree hidden by content-visibility.", source: https://www.bing.com/search?q=indoor%20plant%20care%20tips (9)
[0411/231509.099:INFO:CONSOLE:9] "Rendering was performed in a subtree hidden by content-visibility.", source: https://www.bing.com/search?q=indoor%20plant%20care%20tips (9)
[0411/231509.099:INFO:CONSOLE:9] "Rendering was performed in a subtree hidden by content-visibility.", source: https://www.bing.com/search?q=indoor%20plant%20care%20tips (9)
[0411/231509.099:INFO:CONSOLE:9] "Rendering was performed in a subtree hidden by content-visibility.", source: https://www.bing.com/search?q=indoor%20plant%20care%20tips (9)
[0411/231509.099:INFO:CONSOLE:9] "Rendering was performed in a subtree hidden by content-visibility.", source: https://www.bing.com/search?q=indoor%20plant%20care%20tips (9)
[0411/231509.099:INFO:CONSOLE:9] "Rendering was performed in a subtree hidden by content-visibility.", source: https://www.bing.com/search?q=indoor%20plant%20care%20tips (9)
[0411/231509.099:INFO:CONSOLE:9] "Rendering was performed in a subtree hidden by content-visibility.", source: https://www.bing.com/search?q=indoor%20plant%20care%20tips (9)
